// Jest Snapshot v1, https://goo.gl/fbAQLP

exports[`ambassador component 1`] = `
<section
  className="Ambassador"
>
  <div
    className="Biography"
  >
    <div
      className="Avatar"
    >
      <figure
        className="Figure--Loading"
      >
        <img
          className="Image"
        />
      </figure>
      <div
        className="Set"
      >
        <a
          className="Item"
          href="https://www.facebook.com/nadine.overwater"
          target="_blank"
          title="Visit Nadine Overwater on Facebook"
        >
          <svg
            fill="none"
            height={24}
            viewBox="0 0 266.893 266.895"
            width={24}
          >
            <path
              d="M248.082,262.307c7.854,0,14.223-6.369,14.223-14.225V18.812 c0-7.857-6.368-14.224-14.223-14.224H18.812c-7.857,0-14.224,6.367-14.224,14.224v229.27c0,7.855,6.366,14.225,14.224,14.225 H248.082z"
              fill="#3C5A99"
            />
            <path
              d="M182.409,262.307v-99.803h33.499l5.016-38.895h-38.515V98.777c0-11.261,3.127-18.935,19.275-18.935 l20.596-0.009V45.045c-3.562-0.474-15.788-1.533-30.012-1.533c-29.695,0-50.025,18.126-50.025,51.413v28.684h-33.585v38.895h33.585 v99.803H182.409z"
              fill="#FFFFFF"
            />
          </svg>
        </a>
        <a
          className="Item"
          href="https://www.instagram.com/nadineoverwater/"
          target="_blank"
          title="Visit Nadine Overwater on Instagram"
        >
          <svg
            fill="none"
            height={24}
            viewBox="0 0 551.034 551.034"
            width={24}
          >
            <g>
              <linearGradient
                gradientTransform="matrix(1 0 0 -1 0 554)"
                gradientUnits="userSpaceOnUse"
                id="gradient1"
                x1="275.517"
                x2="275.517"
                y1="4.57"
                y2="549.72"
              >
                <stop
                  offset="0"
                  style={
                    Object {
                      "stopColor": "#E09B3D",
                    }
                  }
                />
                <stop
                  offset="0.3"
                  style={
                    Object {
                      "stopColor": "#C74C4D",
                    }
                  }
                />
                <stop
                  offset="0.6"
                  style={
                    Object {
                      "stopColor": "#C21975",
                    }
                  }
                />
                <stop
                  offset="1"
                  style={
                    Object {
                      "stopColor": "#7024C4",
                    }
                  }
                />
              </linearGradient>
              <path
                d="M386.878,0H164.156C73.64,0,0,73.64,0,164.156v222.722 c0,90.516,73.64,164.156,164.156,164.156h222.722c90.516,0,164.156-73.64,164.156-164.156V164.156 C551.033,73.64,477.393,0,386.878,0z M495.6,386.878c0,60.045-48.677,108.722-108.722,108.722H164.156 c-60.045,0-108.722-48.677-108.722-108.722V164.156c0-60.046,48.677-108.722,108.722-108.722h222.722 c60.045,0,108.722,48.676,108.722,108.722L495.6,386.878L495.6,386.878z"
                style={
                  Object {
                    "fill": "url(#gradient1)",
                  }
                }
              />
              <linearGradient
                gradientTransform="matrix(1 0 0 -1 0 554)"
                gradientUnits="userSpaceOnUse"
                id="gradient2"
                x1="275.517"
                x2="275.517"
                y1="4.57"
                y2="549.72"
              >
                <stop
                  offset="0"
                  style={
                    Object {
                      "stopColor": "#E09B3D",
                    }
                  }
                />
                <stop
                  offset="0.3"
                  style={
                    Object {
                      "stopColor": "#C74C4D",
                    }
                  }
                />
                <stop
                  offset="0.6"
                  style={
                    Object {
                      "stopColor": "#C21975",
                    }
                  }
                />
                <stop
                  offset="1"
                  style={
                    Object {
                      "stopColor": "#7024C4",
                    }
                  }
                />
              </linearGradient>
              <path
                d="M275.517,133C196.933,133,133,196.933,133,275.516s63.933,142.517,142.517,142.517 S418.034,354.1,418.034,275.516S354.101,133,275.517,133z M275.517,362.6c-48.095,0-87.083-38.988-87.083-87.083 s38.989-87.083,87.083-87.083c48.095,0,87.083,38.988,87.083,87.083C362.6,323.611,323.611,362.6,275.517,362.6z"
                style={
                  Object {
                    "fill": "url(#gradient2)",
                  }
                }
              />
              <linearGradient
                gradientTransform="matrix(1 0 0 -1 0 554)"
                gradientUnits="userSpaceOnUse"
                id="gradient3"
                x1="418.31"
                x2="418.31"
                y1="4.57"
                y2="549.72"
              >
                <stop
                  offset="0"
                  style={
                    Object {
                      "stopColor": "#E09B3D",
                    }
                  }
                />
                <stop
                  offset="0.3"
                  style={
                    Object {
                      "stopColor": "#C74C4D",
                    }
                  }
                />
                <stop
                  offset="0.6"
                  style={
                    Object {
                      "stopColor": "#C21975",
                    }
                  }
                />
                <stop
                  offset="1"
                  style={
                    Object {
                      "stopColor": "#7024C4",
                    }
                  }
                />
              </linearGradient>
              <circle
                cx="418.31"
                cy="134.07"
                r="34.15"
                style={
                  Object {
                    "fill": "url(#gradient3)",
                  }
                }
              />
            </g>
          </svg>
        </a>
        <a
          className="Item"
          href="http://laninasledcamp.ca/"
          target="_blank"
          title="Visit Nadine Overwater on undefined"
        >
          <svg
            fill="black"
            height={24}
            viewBox="0 0 24 24"
            width={24}
          >
            <path
              d="M0 0h24v24H0z"
              fill="none"
            />
            <path
              d="M11.99 2C6.47 2 2 6.48 2 12s4.47 10 9.99 10C17.52 22 22 17.52 22 12S17.52 2 11.99 2zm6.93 6h-2.95c-.32-1.25-.78-2.45-1.38-3.56 1.84.63 3.37 1.91 4.33 3.56zM12 4.04c.83 1.2 1.48 2.53 1.91 3.96h-3.82c.43-1.43 1.08-2.76 1.91-3.96zM4.26 14C4.1 13.36 4 12.69 4 12s.1-1.36.26-2h3.38c-.08.66-.14 1.32-.14 2 0 .68.06 1.34.14 2H4.26zm.82 2h2.95c.32 1.25.78 2.45 1.38 3.56-1.84-.63-3.37-1.9-4.33-3.56zm2.95-8H5.08c.96-1.66 2.49-2.93 4.33-3.56C8.81 5.55 8.35 6.75 8.03 8zM12 19.96c-.83-1.2-1.48-2.53-1.91-3.96h3.82c-.43 1.43-1.08 2.76-1.91 3.96zM14.34 14H9.66c-.09-.66-.16-1.32-.16-2 0-.68.07-1.35.16-2h4.68c.09.65.16 1.32.16 2 0 .68-.07 1.34-.16 2zm.25 5.56c.6-1.11 1.06-2.31 1.38-3.56h2.95c-.96 1.65-2.49 2.93-4.33 3.56zM16.36 14c.08-.66.14-1.32.14-2 0-.68-.06-1.34-.14-2h3.38c.16.64.26 1.31.26 2s-.1 1.36-.26 2h-3.38z"
            />
          </svg>
        </a>
      </div>
    </div>
    <div
      className="Content"
    >
      <h2>
        <a
          href="#nadine-overwater"
          name="nadine-overwater"
        >
          Nadine Overwater
        </a>
      </h2>
      Nadine started out on a snowmobile at age seven and has never looked back. She got into serious mountain sledding in 2007 and has been guiding in the Revelstoke area since 2010. She spends well over 100 days a season on her machine, riding with all different skill levels and pursuing professional-level avalanche training. In 2012, Nadine started La Nina Sled Camp, a venue for women riders to build confidence in a positive environment, away from the stress of having to keep up with their partners. Nadine hopes to continue influencing and educating other women to “get out and shred” as often as they like.
    </div>
  </div>
  <figure
    className="Figure--Loading"
  >
    <img
      className="Image"
    />
  </figure>
</section>
`;
