// Jest Snapshot v1, https://goo.gl/fbAQLP

exports[`blockquote component 1`] = `
<blockquote
  className="Blockquote"
>
  Blockquote content
</blockquote>
`;
