// Jest Snapshot v1, https://goo.gl/fbAQLP

exports[`br component 1`] = `
<div
  className="Main"
/>
`;

exports[`br component 2`] = `
<div
  className="Ribbon"
/>
`;
