// Jest Snapshot v1, https://goo.gl/fbAQLP

exports[`question & answer component 1`] = `
<details
  className="Container"
  open={false}
>
  <summary>
    A question
  </summary>
  <div
    className="horizontal"
  >
    An answer
  </div>
</details>
`;
